<html>
<body>
<pre>
<h1>µVision Build Log</h1>
<h2>Tool Versions:</h2>
IDE-Version: µVision V5.24.2.0
Copyright (C) 2017 ARM Ltd and ARM Germany GmbH. All rights reserved.
License Information: Puchuo Li, stu, LIC=76F5U-S3P4C-PCIJ8-3ZQF6-J0CQI-NUN5X
 
Tool Versions:
Toolchain:       MDK-ARM Plus  Version: 5.24.1
Toolchain Path:  E:\Keil5\ARM\ARMCC\Bin
C Compiler:      Armcc.exe V5.06 update 5 (build 528)
Assembler:       Armasm.exe V5.06 update 5 (build 528)
Linker/Locator:  ArmLink.exe V5.06 update 5 (build 528)
Library Manager: ArmAr.exe V5.06 update 5 (build 528)
Hex Converter:   FromElf.exe V5.06 update 5 (build 528)
CPU DLL:         SARMCM3.DLL V5.24.1
Dialog DLL:      DCM.DLL V1.16.0.0
Target DLL:      STLink\ST-LINKIII-KEIL_SWO.dll V3.0.1.0
Dialog DLL:      TCM.DLL V1.32.0.0
 
<h2>Project:</h2>
E:\STM32-WATCH-main\KeilCode\code\Project.uvprojx
Project File Date:  04/23/2026

<h2>Output:</h2>
*** Using Compiler 'V5.06 update 5 (build 528)', folder: 'E:\Keil5\ARM\ARMCC\Bin'
Build target 'Target 1'
compiling stm32f10x_dbgmcu.c...
compiling stm32f10x_bkp.c...
compiling stm32f10x_adc.c...
compiling menu.c...
Hardware\SetTime.h(4): warning:  #1-D: last line of file ends without a newline
  #endif
Hardware\dino.h(7): warning:  #1-D: last line of file ends without a newline
  #endif
Hardware\menu.c(49): warning:  #223-D: function "AD_GetValue" declared implicitly
  		ADValue=AD_GetValue();
Hardware\menu.c: 3 warnings, 0 errors
compiling system_stm32f10x.c...
compiling stm32f10x_i2c.c...
compiling stm32f10x_rtc.c...
compiling misc.c...
compiling stm32f10x_usart.c...
compiling stm32f10x_sdio.c...
compiling Delay.c...
compiling stm32f10x_dma.c...
compiling stm32f10x_flash.c...
compiling OLED_Data.c...
compiling stm32f10x_iwdg.c...
compiling stm32f10x_wwdg.c...
compiling stm32f10x_can.c...
compiling MyRTC.c...
compiling stm32f10x_cec.c...
compiling stm32f10x_rcc.c...
compiling Timer.c...
compiling stm32f10x_dac.c...
compiling stm32f10x_crc.c...
compiling OLED.c...
compiling Key.c...
compiling stm32f10x_exti.c...
compiling stm32f10x_gpio.c...
compiling stm32f10x_pwr.c...
compiling LED.c...
compiling stm32f10x_spi.c...
compiling SetTime.c...
compiling stm32f10x_fsmc.c...
compiling stm32f10x_tim.c...
compiling MPU6050.c...
compiling MyI2C.c...
compiling AD.c...
compiling dino.c...
compiling Thermistor.c...
compiling main.c...
.\Hardware\dino.h(7): warning:  #1-D: last line of file ends without a newline
  #endif
User\main.c: 1 warning, 0 errors
compiling stm32f10x_it.c...
linking...
Program Size: Code=25630 RO-data=8770 RW-data=116 ZI-data=2932  
".\Objects\Project.axf" - 0 Error(s), 4 Warning(s).

<h2>Software Packages used:</h2>

Package Vendor: Keil
                http://www.keil.com/pack/Keil.STM32F1xx_DFP.2.2.0.pack
                Keil.STM32F1xx_DFP.2.2.0
                STMicroelectronics STM32F1 Series Device Support, Drivers and Examples

<h2>Collection of Component include folders:</h2>
  .\RTE\_Target_1
  E:\Keil5\ARM\PACK\Keil\STM32F1xx_DFP\2.2.0\Device\Include

<h2>Collection of Component Files used:</h2>
Build Time Elapsed:  00:00:03
</pre>
</body>
</html>
